# MSYS: copy all rumtime-libs, exes ..

[DIROUT]
%gcad_dir_bin%

[DIRSRC]
/mingw64/bin/

[COPYFILE]
libcairo-2.dll
libgdk-win32-2.0-0.dll
libgdk_pixbuf-2.0-0.dll
libglib-2.0-0.dll
libgobject-2.0-0.dll
libgtk-win32-2.0-0.dll
libgio-2.0-0.dll
libgmodule-2.0-0.dll
libintl-8.dll
libgcc_s_seh-1.dll
libpango-1.0-0.dll
libstdc++-6.dll
libfontconfig-1.dll
libfreetype-6.dll
libpixman-1-0.dll
libpng16-16.dll
libpangocairo-1.0-0.dll
libpcre2-8-0.dll
libffi-8.dll
libiconv-2.dll
libwinpthread-1.dll
libatk-1.0-0.dll
libpangowin32-1.0-0.dll
libharfbuzz-0.dll
libpangoft2-1.0-0.dll
libexpat-1.dll
libbz2-1.dll
libbrotlidec.dll
libfribidi-0.dll
libthai-0.dll
libbrotlicommon.dll
libgraphite2.dll
libdatrie-1.dll
libjpeg-8.dll
libgtkgl-2.0-1.dll
zlib1.dll
cjpeg.exe
djpeg.exe
# absolut - ignores DIRSRC, copy to DIROUT
/usr/bin/tar.exe

[DIRSRC]
/bin/

[COPYFILE]
msys-2.0.dll
msys-iconv-2.dll
msys-intl-8.dll

[DIROUT]
# create dir if it does not exist
%gcad_dir_bin%lib/gdk-pixbuf-2.0/2.10.0/loaders/

[DIRSRC]
/mingw64/lib/gdk-pixbuf-2.0/2.10.0/loaders/

[COPYFILE]
libpixbufloader-bmp.dll
libpixbufloader-png.dll
libpixbufloader-xbm.dll
libpixbufloader-xpm.dll

[DIROUT]
%gcad_dir_bin%lib/gdk-pixbuf-2.0/2.10.0/

[COPYFILE]
/mingw64/lib/gdk-pixbuf-2.0/2.10.0/loaders.cache

# eof
